09-27 02:23:32.602 V/FA-SVC  ( 1722): Logging event: origin=app,name=category_view,params=Bundle[{ga_event_origin(_o)=app, ga_screen_class(_sc)=MainActivity, ga_screen_id(_si)=6318385036007009069, category_name=Técnico PC, category_id=tecnicos-pc}]
09-27 02:23:38.742 V/FA-SVC  ( 1722): Logging event: origin=app,name=provider_view,params=Bundle[{ga_event_origin(_o)=app, ga_screen_class(_sc)=MainActivity, ga_screen_id(_si)=6318385036007009069, category_id=tecnicos-pc, provider_id=pc-doctor}]
09-27 02:23:53.358 V/FA-SVC  ( 1722): Logging event: origin=app,name=contact_request,params=Bundle[{ga_event_origin(_o)=app, ga_screen_class(_sc)=MainActivity, ga_screen_id(_si)=6318385036007009069, category_id=tecnicos-pc, provider_id=pc-doctor}]
09-27 02:24:32.433 V/FA-SVC  ( 1722): Logging event: origin=app,name=category_view,params=Bundle[{ga_event_origin(_o)=app, ga_screen_class(_sc)=MainActivity, ga_screen_id(_si)=4526952130583882448, category_name=Plomero, category_id=plomeros}]
09-27 02:24:42.983 V/FA-SVC  ( 1722): Logging event: origin=app,name=category_view,params=Bundle[{ga_event_origin(_o)=app, ga_screen_class(_sc)=MainActivity, ga_screen_id(_si)=4526952130583882448, category_name=Técnico PC, category_id=tecnicos-pc}]
09-27 02:24:48.426 V/FA-SVC  ( 1722): Logging event: origin=app,name=provider_view,params=Bundle[{ga_event_origin(_o)=app, ga_screen_class(_sc)=MainActivity, ga_screen_id(_si)=4526952130583882448, category_id=tecnicos-pc, provider_id=soporte-it-lopez}]
09-27 02:26:12.259 V/FA-SVC  ( 1722): Logging event: origin=app,name=category_view,params=Bundle[{ga_event_origin(_o)=app, ga_screen_class(_sc)=MainActivity, ga_screen_id(_si)=-3181416585026490922, category_name=Electricista, category_id=electricistas}]
09-27 02:26:17.915 V/FA-SVC  ( 1722): Logging event: origin=app,name=provider_view,params=Bundle[{ga_event_origin(_o)=app, ga_screen_class(_sc)=MainActivity, ga_screen_id(_si)=-3181416585026490922, category_id=electricistas, provider_id=luz-y-fuerza-martinez}]
09-27 02:26:25.682 V/FA-SVC  ( 1722): Logging event: origin=app,name=contact_request,params=Bundle[{ga_event_origin(_o)=app, ga_screen_class(_sc)=MainActivity, ga_screen_id(_si)=-3181416585026490922, category_id=electricistas, provider_id=luz-y-fuerza-martinez}]
09-27 02:27:05.777 V/FA-SVC  ( 1722): Logging event: origin=app,name=category_view,params=Bundle[{ga_event_origin(_o)=app, ga_screen_class(_sc)=MainActivity, ga_screen_id(_si)=-328928874575873197, category_name=Electricista, category_id=electricistas}]
09-27 02:27:11.910 V/FA-SVC  ( 1722): Logging event: origin=app,name=provider_view,params=Bundle[{ga_event_origin(_o)=app, ga_screen_class(_sc)=MainActivity, ga_screen_id(_si)=-328928874575873197, category_id=electricistas, provider_id=luz-y-fuerza-martinez}]
09-27 02:27:19.591 V/FA-SVC  ( 1722): Logging event: origin=app,name=provider_view,params=Bundle[{ga_event_origin(_o)=app, ga_screen_class(_sc)=MainActivity, ga_screen_id(_si)=-328928874575873197, category_id=electricistas, provider_id=carlos-electricidad}]
09-27 02:27:27.437 V/FA-SVC  ( 1722): Logging event: origin=app,name=provider_view,params=Bundle[{ga_event_origin(_o)=app, ga_screen_class(_sc)=MainActivity, ga_screen_id(_si)=-328928874575873197, category_id=electricistas, provider_id=electrofix}]
09-27 02:27:35.662 V/FA-SVC  ( 1722): Logging event: origin=app,name=provider_view,params=Bundle[{ga_event_origin(_o)=app, ga_screen_class(_sc)=MainActivity, ga_screen_id(_si)=-328928874575873197, category_id=electricistas, provider_id=luz-y-fuerza-martinez}]
09-27 02:27:44.034 V/FA-SVC  ( 1722): Logging event: origin=app,name=contact_request,params=Bundle[{ga_event_origin(_o)=app, ga_screen_class(_sc)=MainActivity, ga_screen_id(_si)=-328928874575873197, category_id=electricistas, provider_id=luz-y-fuerza-martinez}]
09-27 02:28:40.774 V/FA-SVC  ( 1722): Logging event: origin=app,name=category_view,params=Bundle[{ga_event_origin(_o)=app, ga_screen_class(_sc)=MainActivity, ga_screen_id(_si)=-2818650010911079047, category_name=Jardinero, category_id=jardineros}]
09-27 02:28:47.010 V/FA-SVC  ( 1722): Logging event: origin=app,name=provider_view,params=Bundle[{ga_event_origin(_o)=app, ga_screen_class(_sc)=MainActivity, ga_screen_id(_si)=-2818650010911079047, category_id=jardineros, provider_id=verde-jardin}]
09-27 02:29:01.326 V/FA-SVC  ( 1722): Logging event: origin=app,name=contact_request,params=Bundle[{ga_event_origin(_o)=app, ga_screen_class(_sc)=MainActivity, ga_screen_id(_si)=-2818650010911079047, category_id=jardineros, provider_id=verde-jardin}]
09-27 02:29:41.441 V/FA-SVC  ( 1722): Logging event: origin=app,name=service_search,params=Bundle[{ga_event_origin(_o)=app, ga_screen_class(_sc)=MainActivity, ga_screen_id(_si)=2211235653528460003, query=herrero}]
09-27 02:29:56.957 V/FA-SVC  ( 1722): Logging event: origin=app,name=service_search,params=Bundle[{ga_event_origin(_o)=app, ga_screen_class(_sc)=MainActivity, ga_screen_id(_si)=2211235653528460003, query=plomero}]
09-27 02:30:09.263 V/FA-SVC  ( 1722): Logging event: origin=app,name=category_view,params=Bundle[{ga_event_origin(_o)=app, ga_screen_class(_sc)=MainActivity, ga_screen_id(_si)=2211235653528460003, category_name=Plomero, category_id=plomeros}]
09-27 02:30:13.729 V/FA-SVC  ( 1722): Logging event: origin=app,name=provider_view,params=Bundle[{ga_event_origin(_o)=app, ga_screen_class(_sc)=MainActivity, ga_screen_id(_si)=2211235653528460003, category_id=plomeros, provider_id=plomeria-garcia}]
09-27 02:30:27.997 V/FA-SVC  ( 1722): Logging event: origin=app,name=contact_request,params=Bundle[{ga_event_origin(_o)=app, ga_screen_class(_sc)=MainActivity, ga_screen_id(_si)=2211235653528460003, category_id=plomeros, provider_id=plomeria-garcia}]
09-27 02:31:23.438 V/FA-SVC  ( 1722): Logging event: origin=app,name=category_view,params=Bundle[{ga_event_origin(_o)=app, ga_screen_class(_sc)=MainActivity, ga_screen_id(_si)=-6874322743854059522, category_name=Jardinero, category_id=jardineros}]
09-27 02:31:28.881 V/FA-SVC  ( 1722): Logging event: origin=app,name=provider_view,params=Bundle[{ga_event_origin(_o)=app, ga_screen_class(_sc)=MainActivity, ga_screen_id(_si)=-6874322743854059522, category_id=jardineros, provider_id=verde-jardin}]
09-27 02:31:44.339 V/FA-SVC  ( 1722): Logging event: origin=app,name=contact_request,params=Bundle[{ga_event_origin(_o)=app, ga_screen_class(_sc)=MainActivity, ga_screen_id(_si)=-6874322743854059522, category_id=jardineros, provider_id=verde-jardin}]
09-27 02:32:39.895 V/FA-SVC  ( 1722): Logging event: origin=app,name=category_view,params=Bundle[{ga_event_origin(_o)=app, ga_screen_class(_sc)=MainActivity, ga_screen_id(_si)=8928777599220042093, category_name=Plomero, category_id=plomeros}]
09-27 02:32:45.469 V/FA-SVC  ( 1722): Logging event: origin=app,name=provider_view,params=Bundle[{ga_event_origin(_o)=app, ga_screen_class(_sc)=MainActivity, ga_screen_id(_si)=8928777599220042093, category_id=plomeros, provider_id=plomeria-garcia}]
09-27 02:32:53.931 V/FA-SVC  ( 1722): Logging event: origin=app,name=contact_request,params=Bundle[{ga_event_origin(_o)=app, ga_screen_class(_sc)=MainActivity, ga_screen_id(_si)=8928777599220042093, category_id=plomeros, provider_id=plomeria-garcia}]
09-27 02:33:48.818 V/FA-SVC  ( 1722): Logging event: origin=app,name=category_view,params=Bundle[{ga_event_origin(_o)=app, ga_screen_class(_sc)=MainActivity, ga_screen_id(_si)=-842223150755897391, category_name=Aire acondicionado, category_id=aire-acondicionado}]
09-27 02:33:54.913 V/FA-SVC  ( 1722): Logging event: origin=app,name=provider_view,params=Bundle[{ga_event_origin(_o)=app, ga_screen_class(_sc)=MainActivity, ga_screen_id(_si)=-842223150755897391, category_id=aire-acondicionado, provider_id=frio-total}]
09-27 02:34:10.506 V/FA-SVC  ( 1722): Logging event: origin=app,name=contact_request,params=Bundle[{ga_event_origin(_o)=app, ga_screen_class(_sc)=MainActivity, ga_screen_id(_si)=-842223150755897391, category_id=aire-acondicionado, provider_id=frio-total}]
09-27 02:35:07.561 V/FA-SVC  ( 1722): Logging event: origin=app,name=category_view,params=Bundle[{ga_event_origin(_o)=app, ga_screen_class(_sc)=MainActivity, ga_screen_id(_si)=-2267605605193320681, category_name=Técnico PC, category_id=tecnicos-pc}]
09-27 02:35:12.975 V/FA-SVC  ( 1722): Logging event: origin=app,name=provider_view,params=Bundle[{ga_event_origin(_o)=app, ga_screen_class(_sc)=MainActivity, ga_screen_id(_si)=-2267605605193320681, category_id=tecnicos-pc, provider_id=pc-doctor}]
09-27 02:35:21.139 V/FA-SVC  ( 1722): Logging event: origin=app,name=contact_request,params=Bundle[{ga_event_origin(_o)=app, ga_screen_class(_sc)=MainActivity, ga_screen_id(_si)=-2267605605193320681, category_id=tecnicos-pc, provider_id=pc-doctor}]
09-27 02:36:17.564 V/FA-SVC  ( 1722): Logging event: origin=app,name=category_view,params=Bundle[{ga_event_origin(_o)=app, ga_screen_class(_sc)=MainActivity, ga_screen_id(_si)=-3341107520420764454, category_name=Plomero, category_id=plomeros}]
09-27 02:36:23.229 V/FA-SVC  ( 1722): Logging event: origin=app,name=provider_view,params=Bundle[{ga_event_origin(_o)=app, ga_screen_class(_sc)=MainActivity, ga_screen_id(_si)=-3341107520420764454, category_id=plomeros, provider_id=plomeria-garcia}]
09-27 02:36:38.324 V/FA-SVC  ( 1722): Logging event: origin=app,name=contact_request,params=Bundle[{ga_event_origin(_o)=app, ga_screen_class(_sc)=MainActivity, ga_screen_id(_si)=-3341107520420764454, category_id=plomeros, provider_id=plomeria-garcia}]
09-27 02:37:33.289 V/FA-SVC  ( 1722): Logging event: origin=app,name=category_view,params=Bundle[{ga_event_origin(_o)=app, ga_screen_class(_sc)=MainActivity, ga_screen_id(_si)=3099776295927322946, category_name=Aire acondicionado, category_id=aire-acondicionado}]
09-27 02:37:39.028 V/FA-SVC  ( 1722): Logging event: origin=app,name=provider_view,params=Bundle[{ga_event_origin(_o)=app, ga_screen_class(_sc)=MainActivity, ga_screen_id(_si)=3099776295927322946, category_id=aire-acondicionado, provider_id=frio-total}]
09-27 02:37:46.629 V/FA-SVC  ( 1722): Logging event: origin=app,name=contact_request,params=Bundle[{ga_event_origin(_o)=app, ga_screen_class(_sc)=MainActivity, ga_screen_id(_si)=3099776295927322946, category_id=aire-acondicionado, provider_id=frio-total}]
09-27 02:39:03.007 V/FA-SVC  ( 1722): Logging event: origin=app,name=category_view,params=Bundle[{ga_event_origin(_o)=app, ga_screen_class(_sc)=MainActivity, ga_screen_id(_si)=-6096918222470933527, category_name=Técnico PC, category_id=tecnicos-pc}]
09-27 02:39:08.259 V/FA-SVC  ( 1722): Logging event: origin=app,name=provider_view,params=Bundle[{ga_event_origin(_o)=app, ga_screen_class(_sc)=MainActivity, ga_screen_id(_si)=-6096918222470933527, category_id=tecnicos-pc, provider_id=pc-doctor}]
09-27 02:39:23.416 V/FA-SVC  ( 1722): Logging event: origin=app,name=contact_request,params=Bundle[{ga_event_origin(_o)=app, ga_screen_class(_sc)=MainActivity, ga_screen_id(_si)=-6096918222470933527, category_id=tecnicos-pc, provider_id=pc-doctor}]
09-27 02:40:18.404 V/FA-SVC  ( 1722): Logging event: origin=app,name=category_view,params=Bundle[{ga_event_origin(_o)=app, ga_screen_class(_sc)=MainActivity, ga_screen_id(_si)=4832431534964408643, category_name=Electricista, category_id=electricistas}]
09-27 02:40:24.041 V/FA-SVC  ( 1722): Logging event: origin=app,name=provider_view,params=Bundle[{ga_event_origin(_o)=app, ga_screen_class(_sc)=MainActivity, ga_screen_id(_si)=4832431534964408643, category_id=electricistas, provider_id=luz-y-fuerza-martinez}]
09-27 02:40:38.782 V/FA-SVC  ( 1722): Logging event: origin=app,name=contact_request,params=Bundle[{ga_event_origin(_o)=app, ga_screen_class(_sc)=MainActivity, ga_screen_id(_si)=4832431534964408643, category_id=electricistas, provider_id=luz-y-fuerza-martinez}]
09-27 02:41:18.502 V/FA-SVC  ( 1722): Logging event: origin=app,name=category_view,params=Bundle[{ga_event_origin(_o)=app, ga_screen_class(_sc)=MainActivity, ga_screen_id(_si)=-7988702835514692775, category_name=Técnico PC, category_id=tecnicos-pc}]
09-27 02:41:24.660 V/FA-SVC  ( 1722): Logging event: origin=app,name=provider_view,params=Bundle[{ga_event_origin(_o)=app, ga_screen_class(_sc)=MainActivity, ga_screen_id(_si)=-7988702835514692775, category_id=tecnicos-pc, provider_id=pc-doctor}]
09-27 02:41:33.234 V/FA-SVC  ( 1722): Logging event: origin=app,name=contact_request,params=Bundle[{ga_event_origin(_o)=app, ga_screen_class(_sc)=MainActivity, ga_screen_id(_si)=-7988702835514692775, category_id=tecnicos-pc, provider_id=pc-doctor}]
09-27 02:42:29.241 V/FA-SVC  ( 1722): Logging event: origin=app,name=category_view,params=Bundle[{ga_event_origin(_o)=app, ga_screen_class(_sc)=MainActivity, ga_screen_id(_si)=-8699274484884229479, category_name=Plomero, category_id=plomeros}]
09-27 02:42:34.698 V/FA-SVC  ( 1722): Logging event: origin=app,name=provider_view,params=Bundle[{ga_event_origin(_o)=app, ga_screen_class(_sc)=MainActivity, ga_screen_id(_si)=-8699274484884229479, category_id=plomeros, provider_id=plomeria-garcia}]
09-27 02:42:49.296 V/FA-SVC  ( 1722): Logging event: origin=app,name=contact_request,params=Bundle[{ga_event_origin(_o)=app, ga_screen_class(_sc)=MainActivity, ga_screen_id(_si)=-8699274484884229479, category_id=plomeros, provider_id=plomeria-garcia}]
09-27 02:43:45.332 V/FA-SVC  ( 1722): Logging event: origin=app,name=category_view,params=Bundle[{ga_event_origin(_o)=app, ga_screen_class(_sc)=MainActivity, ga_screen_id(_si)=-8711770143074953132, category_name=Técnico PC, category_id=tecnicos-pc}]
09-27 02:43:50.773 V/FA-SVC  ( 1722): Logging event: origin=app,name=provider_view,params=Bundle[{ga_event_origin(_o)=app, ga_screen_class(_sc)=MainActivity, ga_screen_id(_si)=-8711770143074953132, category_id=tecnicos-pc, provider_id=pc-doctor}]
09-27 02:43:57.829 V/FA-SVC  ( 1722): Logging event: origin=app,name=provider_view,params=Bundle[{ga_event_origin(_o)=app, ga_screen_class(_sc)=MainActivity, ga_screen_id(_si)=-8711770143074953132, category_id=tecnicos-pc, provider_id=soporte-it-lopez}]
09-27 02:44:04.891 V/FA-SVC  ( 1722): Logging event: origin=app,name=provider_view,params=Bundle[{ga_event_origin(_o)=app, ga_screen_class(_sc)=MainActivity, ga_screen_id(_si)=-8711770143074953132, category_id=tecnicos-pc, provider_id=byte-service}]
09-27 02:44:12.933 V/FA-SVC  ( 1722): Logging event: origin=app,name=provider_view,params=Bundle[{ga_event_origin(_o)=app, ga_screen_class(_sc)=MainActivity, ga_screen_id(_si)=-8711770143074953132, category_id=tecnicos-pc, provider_id=pc-doctor}]
09-27 02:44:28.243 V/FA-SVC  ( 1722): Logging event: origin=app,name=contact_request,params=Bundle[{ga_event_origin(_o)=app, ga_screen_class(_sc)=MainActivity, ga_screen_id(_si)=-8711770143074953132, category_id=tecnicos-pc, provider_id=pc-doctor}]
09-27 02:45:25.593 V/FA-SVC  ( 1722): Logging event: origin=app,name=category_view,params=Bundle[{ga_event_origin(_o)=app, ga_screen_class(_sc)=MainActivity, ga_screen_id(_si)=-1694333006262463789, category_name=Aire acondicionado, category_id=aire-acondicionado}]
09-27 02:45:31.789 V/FA-SVC  ( 1722): Logging event: origin=app,name=provider_view,params=Bundle[{ga_event_origin(_o)=app, ga_screen_class(_sc)=MainActivity, ga_screen_id(_si)=-1694333006262463789, category_id=aire-acondicionado, provider_id=frio-total}]
09-27 02:45:39.586 V/FA-SVC  ( 1722): Logging event: origin=app,name=provider_view,params=Bundle[{ga_event_origin(_o)=app, ga_screen_class(_sc)=MainActivity, ga_screen_id(_si)=-1694333006262463789, category_id=aire-acondicionado, provider_id=climatizacion-sur}]
09-27 02:45:47.151 V/FA-SVC  ( 1722): Logging event: origin=app,name=provider_view,params=Bundle[{ga_event_origin(_o)=app, ga_screen_class(_sc)=MainActivity, ga_screen_id(_si)=-1694333006262463789, category_id=aire-acondicionado, provider_id=aire-express}]
09-27 02:45:54.103 V/FA-SVC  ( 1722): Logging event: origin=app,name=provider_view,params=Bundle[{ga_event_origin(_o)=app, ga_screen_class(_sc)=MainActivity, ga_screen_id(_si)=-1694333006262463789, category_id=aire-acondicionado, provider_id=frio-total}]
09-27 02:46:02.573 V/FA-SVC  ( 1722): Logging event: origin=app,name=contact_request,params=Bundle[{ga_event_origin(_o)=app, ga_screen_class(_sc)=MainActivity, ga_screen_id(_si)=-1694333006262463789, category_id=aire-acondicionado, provider_id=frio-total}]
09-27 02:47:37.353 V/FA-SVC  ( 1722): Logging event: origin=app,name=category_view,params=Bundle[{ga_event_origin(_o)=app, ga_screen_class(_sc)=MainActivity, ga_screen_id(_si)=4434425101105930437, category_name=Plomero, category_id=plomeros}]
09-27 02:47:42.641 V/FA-SVC  ( 1722): Logging event: origin=app,name=provider_view,params=Bundle[{ga_event_origin(_o)=app, ga_screen_class(_sc)=MainActivity, ga_screen_id(_si)=4434425101105930437, category_id=plomeros, provider_id=plomeria-garcia}]
09-27 02:48:31.219 V/FA-SVC  ( 1722): Logging event: origin=app,name=service_search,params=Bundle[{ga_event_origin(_o)=app, ga_screen_class(_sc)=MainActivity, ga_screen_id(_si)=-9108086441317944933, query=albanil}]
09-27 02:48:45.748 V/FA-SVC  ( 1722): Logging event: origin=app,name=service_search,params=Bundle[{ga_event_origin(_o)=app, ga_screen_class(_sc)=MainActivity, ga_screen_id(_si)=-9108086441317944933, query=electric}]
09-27 02:48:57.948 V/FA-SVC  ( 1722): Logging event: origin=app,name=category_view,params=Bundle[{ga_event_origin(_o)=app, ga_screen_class(_sc)=MainActivity, ga_screen_id(_si)=-9108086441317944933, category_name=Electricista, category_id=electricistas}]
09-27 02:49:02.481 V/FA-SVC  ( 1722): Logging event: origin=app,name=provider_view,params=Bundle[{ga_event_origin(_o)=app, ga_screen_class(_sc)=MainActivity, ga_screen_id(_si)=-9108086441317944933, category_id=electricistas, provider_id=luz-y-fuerza-martinez}]
09-27 02:49:11.545 V/FA-SVC  ( 1722): Logging event: origin=app,name=contact_request,params=Bundle[{ga_event_origin(_o)=app, ga_screen_class(_sc)=MainActivity, ga_screen_id(_si)=-9108086441317944933, category_id=electricistas, provider_id=luz-y-fuerza-martinez}]
09-27 02:50:08.128 V/FA-SVC  ( 1722): Logging event: origin=app,name=category_view,params=Bundle[{ga_event_origin(_o)=app, ga_screen_class(_sc)=MainActivity, ga_screen_id(_si)=-2802969026094188815, category_name=Plomero, category_id=plomeros}]
09-27 02:50:13.395 V/FA-SVC  ( 1722): Logging event: origin=app,name=provider_view,params=Bundle[{ga_event_origin(_o)=app, ga_screen_class(_sc)=MainActivity, ga_screen_id(_si)=-2802969026094188815, category_id=plomeros, provider_id=plomeria-garcia}]
09-27 02:50:21.395 V/FA-SVC  ( 1722): Logging event: origin=app,name=provider_view,params=Bundle[{ga_event_origin(_o)=app, ga_screen_class(_sc)=MainActivity, ga_screen_id(_si)=-2802969026094188815, category_id=plomeros, provider_id=aguas-claras}]
09-27 02:50:28.920 V/FA-SVC  ( 1722): Logging event: origin=app,name=provider_view,params=Bundle[{ga_event_origin(_o)=app, ga_screen_class(_sc)=MainActivity, ga_screen_id(_si)=-2802969026094188815, category_id=plomeros, provider_id=plomeria-garcia}]
09-27 02:50:37.484 V/FA-SVC  ( 1722): Logging event: origin=app,name=contact_request,params=Bundle[{ga_event_origin(_o)=app, ga_screen_class(_sc)=MainActivity, ga_screen_id(_si)=-2802969026094188815, category_id=plomeros, provider_id=plomeria-garcia}]
09-27 02:51:16.573 V/FA-SVC  ( 1722): Logging event: origin=app,name=category_view,params=Bundle[{ga_event_origin(_o)=app, ga_screen_class(_sc)=MainActivity, ga_screen_id(_si)=8467648447540667145, category_name=Electricista, category_id=electricistas}]
09-27 02:51:21.853 V/FA-SVC  ( 1722): Logging event: origin=app,name=provider_view,params=Bundle[{ga_event_origin(_o)=app, ga_screen_class(_sc)=MainActivity, ga_screen_id(_si)=8467648447540667145, category_id=electricistas, provider_id=luz-y-fuerza-martinez}]
09-27 02:51:30.563 V/FA-SVC  ( 1722): Logging event: origin=app,name=contact_request,params=Bundle[{ga_event_origin(_o)=app, ga_screen_class(_sc)=MainActivity, ga_screen_id(_si)=8467648447540667145, category_id=electricistas, provider_id=luz-y-fuerza-martinez}]
